181.46.138.13 - - [29/Jul/2020:01:53:11 +0000] "GET /api/avatars HTTP/1.1" 200 824 "https://virtualium.ttde.com.ar/" "Mozilla/5.0 (X11; Linux x86_64) AppleWebKit/537.36 (KHTML, like Gecko) Chrome/83.0.4103.106 Safari/537.36"
186.48.44.36 - - [29/Jul/2020:01:53:19 +0000] "GET /api/clientes/login HTTP/1.1" 200 4347 "https://virtualium.ttde.com.ar/visor?evento=10&funcion=19" "Mozilla/5.0 (X11; Linux x86_64) AppleWebKit/537.36 (KHTML, like Gecko) Chrome/84.0.4147.89 Safari/537.36"
186.48.44.36 - - [29/Jul/2020:01:53:19 +0000] "GET /api/admin/usuarios/login HTTP/1.1" 200 560 "https://virtualium.ttde.com.ar/visor?evento=10&funcion=19" "Mozilla/5.0 (X11; Linux x86_64) AppleWebKit/537.36 (KHTML, like Gecko) Chrome/84.0.4147.89 Safari/537.36"
181.46.138.13 - - [29/Jul/2020:01:53:19 +0000] "GET /api/clientes/login HTTP/1.1" 200 4347 "https://virtualium.ttde.com.ar/" "Mozilla/5.0 (X11; Linux x86_64) AppleWebKit/537.36 (KHTML, like Gecko) Chrome/83.0.4103.106 Safari/537.36"
181.46.138.13 - - [29/Jul/2020:01:53:19 +0000] "GET /api/admin/usuarios/login HTTP/1.1" 200 560 "https://virtualium.ttde.com.ar/" "Mozilla/5.0 (X11; Linux x86_64) AppleWebKit/537.36 (KHTML, like Gecko) Chrome/83.0.4103.106 Safari/537.36"
186.48.44.36 - - [29/Jul/2020:01:53:20 +0000] "GET /api/eventos HTTP/1.1" 200 1066 "https://virtualium.ttde.com.ar/" "Mozilla/5.0 (X11; Linux x86_64) AppleWebKit/537.36 (KHTML, like Gecko) Chrome/84.0.4147.89 Safari/537.36"
186.48.44.36 - - [29/Jul/2020:01:53:20 +0000] "GET /api/avatars HTTP/1.1" 200 714 "https://virtualium.ttde.com.ar/" "Mozilla/5.0 (X11; Linux x86_64) AppleWebKit/537.36 (KHTML, like Gecko) Chrome/84.0.4147.89 Safari/537.36"
186.48.44.36 - - [29/Jul/2020:01:53:20 +0000] "GET /api/portal/banners HTTP/1.1" 200 2006 "https://virtualium.ttde.com.ar/" "Mozilla/5.0 (X11; Linux x86_64) AppleWebKit/537.36 (KHTML, like Gecko) Chrome/84.0.4147.89 Safari/537.36"
186.48.44.36 - - [29/Jul/2020:01:53:20 +0000] "GET /api/portal/destacados HTTP/1.1" 200 1043 "https://virtualium.ttde.com.ar/" "Mozilla/5.0 (X11; Linux x86_64) AppleWebKit/537.36 (KHTML, like Gecko) Chrome/84.0.4147.89 Safari/537.36"
186.48.44.36 - - [29/Jul/2020:01:53:20 +0000] "GET /api/portal/todoeventos HTTP/1.1" 200 1340 "https://virtualium.ttde.com.ar/" "Mozilla/5.0 (X11; Linux x86_64) AppleWebKit/537.36 (KHTML, like Gecko) Chrome/84.0.4147.89 Safari/537.36"
186.48.44.36 - - [29/Jul/2020:01:53:20 +0000] "GET /img/avatars/avatar-4.png HTTP/1.1" 200 4988 "https://virtualium.ttde.com.ar/" "Mozilla/5.0 (X11; Linux x86_64) AppleWebKit/537.36 (KHTML, like Gecko) Chrome/84.0.4147.89 Safari/537.36"
186.48.44.36 - - [29/Jul/2020:01:53:20 +0000] "GET /img/avatars/icon-capture.svg HTTP/1.1" 200 2228 "https://virtualium.ttde.com.ar/" "Mozilla/5.0 (X11; Linux x86_64) AppleWebKit/537.36 (KHTML, like Gecko) Chrome/84.0.4147.89 Safari/537.36"
186.48.44.36 - - [29/Jul/2020:01:53:20 +0000] "GET /img/avatars/avatar-3.png HTTP/1.1" 200 6332 "https://virtualium.ttde.com.ar/" "Mozilla/5.0 (X11; Linux x86_64) AppleWebKit/537.36 (KHTML, like Gecko) Chrome/84.0.4147.89 Safari/537.36"
186.48.44.36 - - [29/Jul/2020:01:53:20 +0000] "GET /img/avatars/avatar-2.jpeg HTTP/1.1" 200 8141 "https://virtualium.ttde.com.ar/" "Mozilla/5.0 (X11; Linux x86_64) AppleWebKit/537.36 (KHTML, like Gecko) Chrome/84.0.4147.89 Safari/537.36"
186.48.44.36 - - [29/Jul/2020:01:53:20 +0000] "GET /api/portal/proximamente HTTP/1.1" 200 1295 "https://virtualium.ttde.com.ar/" "Mozilla/5.0 (X11; Linux x86_64) AppleWebKit/537.36 (KHTML, like Gecko) Chrome/84.0.4147.89 Safari/537.36"
186.48.44.36 - - [29/Jul/2020:01:53:20 +0000] "GET /img/develop/E10_B_ozzy_osbourne_%20judas_priest.jpg HTTP/1.1" 200 73662 "https://virtualium.ttde.com.ar/" "Mozilla/5.0 (X11; Linux x86_64) AppleWebKit/537.36 (KHTML, like Gecko) Chrome/84.0.4147.89 Safari/537.36"
186.48.44.36 - - [29/Jul/2020:01:53:20 +0000] "GET /img/develop/E2_B_eros_ramazzotti_v2.jpg HTTP/1.1" 200 90612 "https://virtualium.ttde.com.ar/" "Mozilla/5.0 (X11; Linux x86_64) AppleWebKit/537.36 (KHTML, like Gecko) Chrome/84.0.4147.89 Safari/537.36"
186.48.44.36 - - [29/Jul/2020:01:53:20 +0000] "GET /img/develop/E10_D_ozzy_osbourne_%20judas_priest.jpg HTTP/1.1" 200 87751 "https://virtualium.ttde.com.ar/" "Mozilla/5.0 (X11; Linux x86_64) AppleWebKit/537.36 (KHTML, like Gecko) Chrome/84.0.4147.89 Safari/537.36"
181.46.138.13 - - [29/Jul/2020:01:53:20 +0000] "GET /api/eventos HTTP/1.1" 200 1066 "https://virtualium.ttde.com.ar/" "Mozilla/5.0 (X11; Linux x86_64) AppleWebKit/537.36 (KHTML, like Gecko) Chrome/83.0.4103.106 Safari/537.36"
186.48.44.36 - - [29/Jul/2020:01:53:20 +0000] "GET /img/develop/E12_B_bad_bunny.jpg HTTP/1.1" 200 134151 "https://virtualium.ttde.com.ar/" "Mozilla/5.0 (X11; Linux x86_64) AppleWebKit/537.36 (KHTML, like Gecko) Chrome/84.0.4147.89 Safari/537.36"
181.46.138.13 - - [29/Jul/2020:01:53:21 +0000] "GET /api/avatars HTTP/1.1" 200 714 "https://virtualium.ttde.com.ar/" "Mozilla/5.0 (X11; Linux x86_64) AppleWebKit/537.36 (KHTML, like Gecko) Chrome/83.0.4103.106 Safari/537.36"
186.48.44.36 - - [29/Jul/2020:01:53:20 +0000] "GET /img/develop/E11_B_florence_the_machine_v2.jpg HTTP/1.1" 200 235668 "https://virtualium.ttde.com.ar/" "Mozilla/5.0 (X11; Linux x86_64) AppleWebKit/537.36 (KHTML, like Gecko) Chrome/84.0.4147.89 Safari/537.36"
181.46.138.13 - - [29/Jul/2020:01:53:21 +0000] "GET /api/portal/banners HTTP/1.1" 200 2006 "https://virtualium.ttde.com.ar/" "Mozilla/5.0 (X11; Linux x86_64) AppleWebKit/537.36 (KHTML, like Gecko) Chrome/83.0.4103.106 Safari/537.36"
181.46.138.13 - - [29/Jul/2020:01:53:21 +0000] "GET /api/portal/destacados HTTP/1.1" 200 1043 "https://virtualium.ttde.com.ar/" "Mozilla/5.0 (X11; Linux x86_64) AppleWebKit/537.36 (KHTML, like Gecko) Chrome/83.0.4103.106 Safari/537.36"
186.48.44.36 - - [29/Jul/2020:01:53:20 +0000] "GET /img/develop/E1_B_dave_matthews_band.jpg HTTP/1.1" 200 422894 "https://virtualium.ttde.com.ar/" "Mozilla/5.0 (X11; Linux x86_64) AppleWebKit/537.36 (KHTML, like Gecko) Chrome/84.0.4147.89 Safari/537.36"
186.48.44.36 - - [29/Jul/2020:01:53:21 +0000] "GET /img/develop/E11_D_florence_the_machine.jpg HTTP/1.1" 200 132350 "https://virtualium.ttde.com.ar/" "Mozilla/5.0 (X11; Linux x86_64) AppleWebKit/537.36 (KHTML, like Gecko) Chrome/84.0.4147.89 Safari/537.36"
186.48.44.36 - - [29/Jul/2020:01:53:21 +0000] "GET /img/develop/E12_D_bad_bunny.jpg HTTP/1.1" 200 93805 "https://virtualium.ttde.com.ar/" "Mozilla/5.0 (X11; Linux x86_64) AppleWebKit/537.36 (KHTML, like Gecko) Chrome/84.0.4147.89 Safari/537.36"
186.48.44.36 - - [29/Jul/2020:01:53:21 +0000] "GET /img/develop/E2_T_eros_ramazzotti.jpg HTTP/1.1" 200 52819 "https://virtualium.ttde.com.ar/" "Mozilla/5.0 (X11; Linux x86_64) AppleWebKit/537.36 (KHTML, like Gecko) Chrome/84.0.4147.89 Safari/537.36"
181.46.138.13 - - [29/Jul/2020:01:53:21 +0000] "GET /api/portal/todoeventos HTTP/1.1" 200 1916 "https://virtualium.ttde.com.ar/" "Mozilla/5.0 (X11; Linux x86_64) AppleWebKit/537.36 (KHTML, like Gecko) Chrome/83.0.4103.106 Safari/537.36"
181.46.138.13 - - [29/Jul/2020:01:53:21 +0000] "GET /api/portal/proximamente HTTP/1.1" 200 5082 "https://virtualium.ttde.com.ar/" "Mozilla/5.0 (X11; Linux x86_64) AppleWebKit/537.36 (KHTML, like Gecko) Chrome/83.0.4103.106 Safari/537.36"
186.48.44.36 - - [29/Jul/2020:01:53:21 +0000] "GET /img/develop/E3_T_diego_torres.jpg HTTP/1.1" 200 43778 "https://virtualium.ttde.com.ar/" "Mozilla/5.0 (X11; Linux x86_64) AppleWebKit/537.36 (KHTML, like Gecko) Chrome/84.0.4147.89 Safari/537.36"
181.46.138.13 - - [29/Jul/2020:01:53:21 +0000] "GET /img/avatars/avatar-4.png HTTP/1.1" 200 4412 "https://virtualium.ttde.com.ar/" "Mozilla/5.0 (X11; Linux x86_64) AppleWebKit/537.36 (KHTML, like Gecko) Chrome/83.0.4103.106 Safari/537.36"
181.46.138.13 - - [29/Jul/2020:01:53:21 +0000] "GET /img/avatars/icon-capture.svg HTTP/1.1" 200 5439 "https://virtualium.ttde.com.ar/" "Mozilla/5.0 (X11; Linux x86_64) AppleWebKit/537.36 (KHTML, like Gecko) Chrome/83.0.4103.106 Safari/537.36"
181.46.138.13 - - [29/Jul/2020:01:53:21 +0000] "GET /img/avatars/avatar-3.png HTTP/1.1" 200 6332 "https://virtualium.ttde.com.ar/" "Mozilla/5.0 (X11; Linux x86_64) AppleWebKit/537.36 (KHTML, like Gecko) Chrome/83.0.4103.106 Safari/537.36"
181.46.138.13 - - [29/Jul/2020:01:53:21 +0000] "GET /img/avatars/avatar-2.jpeg HTTP/1.1" 200 4354 "https://virtualium.ttde.com.ar/" "Mozilla/5.0 (X11; Linux x86_64) AppleWebKit/537.36 (KHTML, like Gecko) Chrome/83.0.4103.106 Safari/537.36"
186.48.44.36 - - [29/Jul/2020:01:53:21 +0000] "GET /img/develop/E4_T_il_divo.jpg HTTP/1.1" 200 34772 "https://virtualium.ttde.com.ar/" "Mozilla/5.0 (X11; Linux x86_64) AppleWebKit/537.36 (KHTML, like Gecko) Chrome/84.0.4147.89 Safari/537.36"
186.48.44.36 - - [29/Jul/2020:01:53:21 +0000] "GET /img/develop/E5_T_daryl_hall_john_oates.jpg HTTP/1.1" 200 39805 "https://virtualium.ttde.com.ar/" "Mozilla/5.0 (X11; Linux x86_64) AppleWebKit/537.36 (KHTML, like Gecko) Chrome/84.0.4147.89 Safari/537.36"
186.48.44.36 - - [29/Jul/2020:01:53:21 +0000] "GET /img/develop/E6_T_ulises.jpg HTTP/1.1" 200 39878 "https://virtualium.ttde.com.ar/" "Mozilla/5.0 (X11; Linux x86_64) AppleWebKit/537.36 (KHTML, like Gecko) Chrome/84.0.4147.89 Safari/537.36"
186.48.44.36 - - [29/Jul/2020:01:53:21 +0000] "GET /img/develop/E7_T_redimi2.jpg HTTP/1.1" 200 33625 "https://virtualium.ttde.com.ar/" "Mozilla/5.0 (X11; Linux x86_64) AppleWebKit/537.36 (KHTML, like Gecko) Chrome/84.0.4147.89 Safari/537.36"
186.48.44.36 - - [29/Jul/2020:01:53:21 +0000] "GET /img/develop/E8_T_natiruts.jpg HTTP/1.1" 200 44377 "https://virtualium.ttde.com.ar/" "Mozilla/5.0 (X11; Linux x86_64) AppleWebKit/537.36 (KHTML, like Gecko) Chrome/84.0.4147.89 Safari/537.36"
181.46.138.13 - - [29/Jul/2020:01:53:21 +0000] "GET /img/develop/E2_B_eros_ramazzotti_v2.jpg HTTP/1.1" 200 90612 "https://virtualium.ttde.com.ar/" "Mozilla/5.0 (X11; Linux x86_64) AppleWebKit/537.36 (KHTML, like Gecko) Chrome/83.0.4103.106 Safari/537.36"
181.46.138.13 - - [29/Jul/2020:01:53:21 +0000] "GET /img/develop/E10_B_ozzy_osbourne_%20judas_priest.jpg HTTP/1.1" 200 73662 "https://virtualium.ttde.com.ar/" "Mozilla/5.0 (X11; Linux x86_64) AppleWebKit/537.36 (KHTML, like Gecko) Chrome/83.0.4103.106 Safari/537.36"
186.48.44.36 - - [29/Jul/2020:01:53:21 +0000] "GET /img/develop/E9_T_dios_salve_a_la_reina_queen.jpg HTTP/1.1" 200 50543 "https://virtualium.ttde.com.ar/" "Mozilla/5.0 (X11; Linux x86_64) AppleWebKit/537.36 (KHTML, like Gecko) Chrome/84.0.4147.89 Safari/537.36"
181.46.138.13 - - [29/Jul/2020:01:53:21 +0000] "GET /img/develop/E10_D_ozzy_osbourne_%20judas_priest.jpg HTTP/1.1" 200 87751 "https://virtualium.ttde.com.ar/" "Mozilla/5.0 (X11; Linux x86_64) AppleWebKit/537.36 (KHTML, like Gecko) Chrome/83.0.4103.106 Safari/537.36"
186.48.44.36 - - [29/Jul/2020:01:53:21 +0000] "GET /img/develop/E13_P_ariana_grande.jpg HTTP/1.1" 200 17907 "https://virtualium.ttde.com.ar/" "Mozilla/5.0 (X11; Linux x86_64) AppleWebKit/537.36 (KHTML, like Gecko) Chrome/84.0.4147.89 Safari/537.36"
186.48.44.36 - - [29/Jul/2020:01:53:21 +0000] "GET /img/develop/E14_P_ozuna.jpg HTTP/1.1" 200 23690 "https://virtualium.ttde.com.ar/" "Mozilla/5.0 (X11; Linux x86_64) AppleWebKit/537.36 (KHTML, like Gecko) Chrome/84.0.4147.89 Safari/537.36"
186.48.44.36 - - [29/Jul/2020:01:53:21 +0000] "GET /img/develop/E15_P_shakira.jpg HTTP/1.1" 200 21870 "https://virtualium.ttde.com.ar/" "Mozilla/5.0 (X11; Linux x86_64) AppleWebKit/537.36 (KHTML, like Gecko) Chrome/84.0.4147.89 Safari/537.36"
186.48.44.36 - - [29/Jul/2020:01:53:21 +0000] "GET /img/develop/E16_P_jvera_quartet.jpg HTTP/1.1" 200 25656 "https://virtualium.ttde.com.ar/" "Mozilla/5.0 (X11; Linux x86_64) AppleWebKit/537.36 (KHTML, like Gecko) Chrome/84.0.4147.89 Safari/537.36"
186.48.44.36 - - [29/Jul/2020:01:53:21 +0000] "GET /img/develop/E17_P_premios_billboard.jpg HTTP/1.1" 200 22769 "https://virtualium.ttde.com.ar/" "Mozilla/5.0 (X11; Linux x86_64) AppleWebKit/537.36 (KHTML, like Gecko) Chrome/84.0.4147.89 Safari/537.36"
181.46.138.13 - - [29/Jul/2020:01:53:21 +0000] "GET /img/develop/E12_B_bad_bunny.jpg HTTP/1.1" 200 134151 "https://virtualium.ttde.com.ar/" "Mozilla/5.0 (X11; Linux x86_64) AppleWebKit/537.36 (KHTML, like Gecko) Chrome/83.0.4103.106 Safari/537.36"
181.46.138.13 - - [29/Jul/2020:01:53:21 +0000] "GET /img/develop/E11_B_florence_the_machine_v2.jpg HTTP/1.1" 200 235668 "https://virtualium.ttde.com.ar/" "Mozilla/5.0 (X11; Linux x86_64) AppleWebKit/537.36 (KHTML, like Gecko) Chrome/83.0.4103.106 Safari/537.36"
181.46.138.13 - - [29/Jul/2020:01:53:21 +0000] "GET /img/develop/E1_B_dave_matthews_band.jpg HTTP/1.1" 200 422894 "https://virtualium.ttde.com.ar/" "Mozilla/5.0 (X11; Linux x86_64) AppleWebKit/537.36 (KHTML, like Gecko) Chrome/83.0.4103.106 Safari/537.36"
181.46.138.13 - - [29/Jul/2020:01:53:22 +0000] "GET /img/develop/E11_D_florence_the_machine.jpg HTTP/1.1" 200 132350 "https://virtualium.ttde.com.ar/" "Mozilla/5.0 (X11; Linux x86_64) AppleWebKit/537.36 (KHTML, like Gecko) Chrome/83.0.4103.106 Safari/537.36"
181.46.138.13 - - [29/Jul/2020:01:53:22 +0000] "GET /img/develop/E12_D_bad_bunny.jpg HTTP/1.1" 200 93805 "https://virtualium.ttde.com.ar/" "Mozilla/5.0 (X11; Linux x86_64) AppleWebKit/537.36 (KHTML, like Gecko) Chrome/83.0.4103.106 Safari/537.36"
181.46.138.13 - - [29/Jul/2020:01:53:22 +0000] "GET /img/develop/E2_T_eros_ramazzotti.jpg HTTP/1.1" 200 52819 "https://virtualium.ttde.com.ar/" "Mozilla/5.0 (X11; Linux x86_64) AppleWebKit/537.36 (KHTML, like Gecko) Chrome/83.0.4103.106 Safari/537.36"
181.46.138.13 - - [29/Jul/2020:01:53:22 +0000] "GET /img/develop/E3_T_diego_torres.jpg HTTP/1.1" 200 43778 "https://virtualium.ttde.com.ar/" "Mozilla/5.0 (X11; Linux x86_64) AppleWebKit/537.36 (KHTML, like Gecko) Chrome/83.0.4103.106 Safari/537.36"
181.46.138.13 - - [29/Jul/2020:01:53:22 +0000] "GET /img/develop/E4_T_il_divo.jpg HTTP/1.1" 200 34772 "https://virtualium.ttde.com.ar/" "Mozilla/5.0 (X11; Linux x86_64) AppleWebKit/537.36 (KHTML, like Gecko) Chrome/83.0.4103.106 Safari/537.36"
181.46.138.13 - - [29/Jul/2020:01:53:22 +0000] "GET /img/develop/E5_T_daryl_hall_john_oates.jpg HTTP/1.1" 200 39805 "https://virtualium.ttde.com.ar/" "Mozilla/5.0 (X11; Linux x86_64) AppleWebKit/537.36 (KHTML, like Gecko) Chrome/83.0.4103.106 Safari/537.36"
181.46.138.13 - - [29/Jul/2020:01:53:22 +0000] "GET /img/develop/E6_T_ulises.jpg HTTP/1.1" 200 39878 "https://virtualium.ttde.com.ar/" "Mozilla/5.0 (X11; Linux x86_64) AppleWebKit/537.36 (KHTML, like Gecko) Chrome/83.0.4103.106 Safari/537.36"
181.46.138.13 - - [29/Jul/2020:01:53:22 +0000] "GET /img/develop/E7_T_redimi2.jpg HTTP/1.1" 200 33625 "https://virtualium.ttde.com.ar/" "Mozilla/5.0 (X11; Linux x86_64) AppleWebKit/537.36 (KHTML, like Gecko) Chrome/83.0.4103.106 Safari/537.36"
181.46.138.13 - - [29/Jul/2020:01:53:22 +0000] "GET /img/develop/E8_T_natiruts.jpg HTTP/1.1" 200 44377 "https://virtualium.ttde.com.ar/" "Mozilla/5.0 (X11; Linux x86_64) AppleWebKit/537.36 (KHTML, like Gecko) Chrome/83.0.4103.106 Safari/537.36"
181.46.138.13 - - [29/Jul/2020:01:53:22 +0000] "GET /img/develop/E9_T_dios_salve_a_la_reina_queen.jpg HTTP/1.1" 200 50543 "https://virtualium.ttde.com.ar/" "Mozilla/5.0 (X11; Linux x86_64) AppleWebKit/537.36 (KHTML, like Gecko) Chrome/83.0.4103.106 Safari/537.36"
181.46.138.13 - - [29/Jul/2020:01:53:22 +0000] "GET /img/develop/E13_P_ariana_grande.jpg HTTP/1.1" 200 17907 "https://virtualium.ttde.com.ar/" "Mozilla/5.0 (X11; Linux x86_64) AppleWebKit/537.36 (KHTML, like Gecko) Chrome/83.0.4103.106 Safari/537.36"
181.46.138.13 - - [29/Jul/2020:01:53:22 +0000] "GET /img/develop/E14_P_ozuna.jpg HTTP/1.1" 200 23690 "https://virtualium.ttde.com.ar/" "Mozilla/5.0 (X11; Linux x86_64) AppleWebKit/537.36 (KHTML, like Gecko) Chrome/83.0.4103.106 Safari/537.36"
181.46.138.13 - - [29/Jul/2020:01:53:22 +0000] "GET /img/develop/E15_P_shakira.jpg HTTP/1.1" 200 21870 "https://virtualium.ttde.com.ar/" "Mozilla/5.0 (X11; Linux x86_64) AppleWebKit/537.36 (KHTML, like Gecko) Chrome/83.0.4103.106 Safari/537.36"
181.46.138.13 - - [29/Jul/2020:01:53:22 +0000] "GET /img/develop/E16_P_jvera_quartet.jpg HTTP/1.1" 200 25656 "https://virtualium.ttde.com.ar/" "Mozilla/5.0 (X11; Linux x86_64) AppleWebKit/537.36 (KHTML, like Gecko) Chrome/83.0.4103.106 Safari/537.36"
181.46.138.13 - - [29/Jul/2020:01:53:22 +0000] "GET /img/develop/E17_P_premios_billboard.jpg HTTP/1.1" 200 22769 "https://virtualium.ttde.com.ar/" "Mozilla/5.0 (X11; Linux x86_64) AppleWebKit/537.36 (KHTML, like Gecko) Chrome/83.0.4103.106 Safari/537.36"
181.46.138.13 - - [29/Jul/2020:01:53:32 +0000] "-" 408 3786 "-" "-"
181.46.138.13 - - [29/Jul/2020:01:53:32 +0000] "-" 408 3786 "-" "-"
181.46.138.13 - - [29/Jul/2020:01:53:32 +0000] "POST /api/clientes/login HTTP/1.1" 200 1061 "https://virtualium.ttde.com.ar/" "Mozilla/5.0 (X11; Linux x86_64) AppleWebKit/537.36 (KHTML, like Gecko) Chrome/83.0.4103.106 Safari/537.36"
181.46.138.13 - - [29/Jul/2020:01:53:37 +0000] "GET /api/admin/usuarios/logout HTTP/1.1" 200 1285 "https://virtualium.ttde.com.ar/" "Mozilla/5.0 (X11; Linux x86_64) AppleWebKit/537.36 (KHTML, like Gecko) Chrome/83.0.4103.106 Safari/537.36"
181.46.138.13 - - [29/Jul/2020:01:53:37 +0000] "GET /api/clientes/logout HTTP/1.1" 200 1285 "https://virtualium.ttde.com.ar/" "Mozilla/5.0 (X11; Linux x86_64) AppleWebKit/537.36 (KHTML, like Gecko) Chrome/83.0.4103.106 Safari/537.36"
181.46.138.13 - - [29/Jul/2020:01:53:44 +0000] "POST /api/clientes/login HTTP/1.1" 200 1714 "https://virtualium.ttde.com.ar/" "Mozilla/5.0 (X11; Linux x86_64) AppleWebKit/537.36 (KHTML, like Gecko) Chrome/83.0.4103.106 Safari/537.36"
181.46.138.13 - - [29/Jul/2020:01:53:44 +0000] "GET /api/entradas/usuario HTTP/1.1" 200 534 "https://virtualium.ttde.com.ar/" "Mozilla/5.0 (X11; Linux x86_64) AppleWebKit/537.36 (KHTML, like Gecko) Chrome/83.0.4103.106 Safari/537.36"
71.6.232.7 - - [29/Jul/2020:01:53:47 +0000] "GET / HTTP/1.1" 302 3553 "-" "Mozilla/5.0 (Windows NT 10.0; Win64; x64) AppleWebKit/537.36 (KHTML, like Gecko) Chrome/57.0.2987.133 Safari/537.36"
181.46.138.13 - - [29/Jul/2020:01:53:52 +0000] "GET /api/clientes/login HTTP/1.1" 200 1626 "https://virtualium.ttde.com.ar/visor" "Mozilla/5.0 (X11; Linux x86_64) AppleWebKit/537.36 (KHTML, like Gecko) Chrome/83.0.4103.106 Safari/537.36"
181.46.138.13 - - [29/Jul/2020:01:53:52 +0000] "GET /api/entradas/usuario HTTP/1.1" 200 534 "https://virtualium.ttde.com.ar/visor" "Mozilla/5.0 (X11; Linux x86_64) AppleWebKit/537.36 (KHTML, like Gecko) Chrome/83.0.4103.106 Safari/537.36"
186.48.44.36 - - [29/Jul/2020:01:53:54 +0000] "POST /api/clientes/login HTTP/1.1" 200 1061 "https://virtualium.ttde.com.ar/" "Mozilla/5.0 (X11; Linux x86_64) AppleWebKit/537.36 (KHTML, like Gecko) Chrome/84.0.4147.89 Safari/537.36"
181.46.138.13 - - [29/Jul/2020:01:53:54 +0000] "GET /api/eventos HTTP/1.1" 200 1176 "https://virtualium.ttde.com.ar/" "Mozilla/5.0 (X11; Linux x86_64) AppleWebKit/537.36 (KHTML, like Gecko) Chrome/83.0.4103.106 Safari/537.36"
181.46.138.13 - - [29/Jul/2020:01:53:55 +0000] "GET /api/avatars HTTP/1.1" 200 824 "https://virtualium.ttde.com.ar/" "Mozilla/5.0 (X11; Linux x86_64) AppleWebKit/537.36 (KHTML, like Gecko) Chrome/83.0.4103.106 Safari/537.36"
181.46.138.13 - - [29/Jul/2020:01:53:55 +0000] "GET /api/portal/destacados HTTP/1.1" 200 4940 "https://virtualium.ttde.com.ar/" "Mozilla/5.0 (X11; Linux x86_64) AppleWebKit/537.36 (KHTML, like Gecko) Chrome/83.0.4103.106 Safari/537.36"
181.46.138.13 - - [29/Jul/2020:01:53:55 +0000] "GET /api/portal/banners HTTP/1.1" 200 2116 "https://virtualium.ttde.com.ar/" "Mozilla/5.0 (X11; Linux x86_64) AppleWebKit/537.36 (KHTML, like Gecko) Chrome/83.0.4103.106 Safari/537.36"
181.46.138.13 - - [29/Jul/2020:01:53:55 +0000] "GET /api/portal/proximamente HTTP/1.1" 200 1981 "https://virtualium.ttde.com.ar/" "Mozilla/5.0 (X11; Linux x86_64) AppleWebKit/537.36 (KHTML, like Gecko) Chrome/83.0.4103.106 Safari/537.36"
181.46.138.13 - - [29/Jul/2020:01:53:55 +0000] "GET /api/portal/todoeventos HTTP/1.1" 200 5237 "https://virtualium.ttde.com.ar/" "Mozilla/5.0 (X11; Linux x86_64) AppleWebKit/537.36 (KHTML, like Gecko) Chrome/83.0.4103.106 Safari/537.36"
181.46.138.13 - - [29/Jul/2020:01:54:00 +0000] "GET /api/eventos/ver/1 HTTP/1.1" 200 2539 "https://virtualium.ttde.com.ar/evento/1/Dave-Matthews-Band" "Mozilla/5.0 (X11; Linux x86_64) AppleWebKit/537.36 (KHTML, like Gecko) Chrome/83.0.4103.106 Safari/537.36"
181.46.138.13 - - [29/Jul/2020:01:54:00 +0000] "GET /api/medio-pagos HTTP/1.1" 200 4412 "https://virtualium.ttde.com.ar/evento/1/Dave-Matthews-Band" "Mozilla/5.0 (X11; Linux x86_64) AppleWebKit/537.36 (KHTML, like Gecko) Chrome/83.0.4103.106 Safari/537.36"
181.46.138.13 - - [29/Jul/2020:01:54:00 +0000] "GET /api/tipo-accesos HTTP/1.1" 200 614 "https://virtualium.ttde.com.ar/evento/1/Dave-Matthews-Band" "Mozilla/5.0 (X11; Linux x86_64) AppleWebKit/537.36 (KHTML, like Gecko) Chrome/83.0.4103.106 Safari/537.36"
186.48.44.36 - - [29/Jul/2020:01:54:14 +0000] "-" 408 575 "-" "-"
181.46.138.13 - - [29/Jul/2020:01:54:12 +0000] "POST /api/oc HTTP/1.1" 200 1113 "https://virtualium.ttde.com.ar/evento/1/Dave-Matthews-Band" "Mozilla/5.0 (X11; Linux x86_64) AppleWebKit/537.36 (KHTML, like Gecko) Chrome/83.0.4103.106 Safari/537.36"
181.46.138.13 - - [29/Jul/2020:01:54:16 +0000] "GET /api/entradas/usuario HTTP/1.1" 200 2739 "https://virtualium.ttde.com.ar/evento/compra-exitoso" "Mozilla/5.0 (X11; Linux x86_64) AppleWebKit/537.36 (KHTML, like Gecko) Chrome/83.0.4103.106 Safari/537.36"
181.46.138.13 - - [29/Jul/2020:01:54:33 +0000] "GET /api/clientes/login HTTP/1.1" 200 1626 "https://virtualium.ttde.com.ar/" "Mozilla/5.0 (X11; Linux x86_64) AppleWebKit/537.36 (KHTML, like Gecko) Chrome/83.0.4103.106 Safari/537.36"
181.46.138.13 - - [29/Jul/2020:01:54:33 +0000] "GET /api/entradas/usuario HTTP/1.1" 200 2739 "https://virtualium.ttde.com.ar/" "Mozilla/5.0 (X11; Linux x86_64) AppleWebKit/537.36 (KHTML, like Gecko) Chrome/83.0.4103.106 Safari/537.36"
181.46.138.13 - - [29/Jul/2020:01:54:34 +0000] "GET /api/eventos HTTP/1.1" 200 1176 "https://virtualium.ttde.com.ar/" "Mozilla/5.0 (X11; Linux x86_64) AppleWebKit/537.36 (KHTML, like Gecko) Chrome/83.0.4103.106 Safari/537.36"
181.46.138.13 - - [29/Jul/2020:01:54:34 +0000] "GET /api/avatars HTTP/1.1" 200 824 "https://virtualium.ttde.com.ar/" "Mozilla/5.0 (X11; Linux x86_64) AppleWebKit/537.36 (KHTML, like Gecko) Chrome/83.0.4103.106 Safari/537.36"
181.46.138.13 - - [29/Jul/2020:01:54:34 +0000] "GET /api/portal/banners HTTP/1.1" 200 2116 "https://virtualium.ttde.com.ar/" "Mozilla/5.0 (X11; Linux x86_64) AppleWebKit/537.36 (KHTML, like Gecko) Chrome/83.0.4103.106 Safari/537.36"
181.46.138.13 - - [29/Jul/2020:01:54:34 +0000] "GET /api/portal/destacados HTTP/1.1" 200 1153 "https://virtualium.ttde.com.ar/" "Mozilla/5.0 (X11; Linux x86_64) AppleWebKit/537.36 (KHTML, like Gecko) Chrome/83.0.4103.106 Safari/537.36"
181.46.138.13 - - [29/Jul/2020:01:54:34 +0000] "GET /api/portal/todoeventos HTTP/1.1" 200 1450 "https://virtualium.ttde.com.ar/" "Mozilla/5.0 (X11; Linux x86_64) AppleWebKit/537.36 (KHTML, like Gecko) Chrome/83.0.4103.106 Safari/537.36"
181.46.138.13 - - [29/Jul/2020:01:54:34 +0000] "GET /api/portal/proximamente HTTP/1.1" 200 1981 "https://virtualium.ttde.com.ar/" "Mozilla/5.0 (X11; Linux x86_64) AppleWebKit/537.36 (KHTML, like Gecko) Chrome/83.0.4103.106 Safari/537.36"
181.46.138.13 - - [29/Jul/2020:01:54:36 +0000] "GET /api/clientes/logout HTTP/1.1" 200 709 "https://virtualium.ttde.com.ar/" "Mozilla/5.0 (X11; Linux x86_64) AppleWebKit/537.36 (KHTML, like Gecko) Chrome/83.0.4103.106 Safari/537.36"
181.46.138.13 - - [29/Jul/2020:01:54:36 +0000] "GET /api/admin/usuarios/logout HTTP/1.1" 200 709 "https://virtualium.ttde.com.ar/" "Mozilla/5.0 (X11; Linux x86_64) AppleWebKit/537.36 (KHTML, like Gecko) Chrome/83.0.4103.106 Safari/537.36"
186.48.44.36 - - [29/Jul/2020:01:54:49 +0000] "POST /api/clientes/registrar HTTP/1.1" 200 1040 "https://virtualium.ttde.com.ar/" "Mozilla/5.0 (X11; Linux x86_64) AppleWebKit/537.36 (KHTML, like Gecko) Chrome/84.0.4147.89 Safari/537.36"
186.48.44.36 - - [29/Jul/2020:01:55:09 +0000] "-" 408 575 "-" "-"
186.48.44.36 - - [29/Jul/2020:01:55:26 +0000] "POST /api/clientes/login HTTP/1.1" 200 1744 "https://virtualium.ttde.com.ar/" "Mozilla/5.0 (X11; Linux x86_64) AppleWebKit/537.36 (KHTML, like Gecko) Chrome/84.0.4147.89 Safari/537.36"
186.48.44.36 - - [29/Jul/2020:01:55:26 +0000] "GET /api/entradas/usuario HTTP/1.1" 200 534 "https://virtualium.ttde.com.ar/" "Mozilla/5.0 (X11; Linux x86_64) AppleWebKit/537.36 (KHTML, like Gecko) Chrome/84.0.4147.89 Safari/537.36"
186.48.44.36 - - [29/Jul/2020:01:55:31 +0000] "GET /api/eventos/ver/12 HTTP/1.1" 200 2787 "https://virtualium.ttde.com.ar/evento/12/Bad-Bunny" "Mozilla/5.0 (X11; Linux x86_64) AppleWebKit/537.36 (KHTML, like Gecko) Chrome/84.0.4147.89 Safari/537.36"
186.48.44.36 - - [29/Jul/2020:01:55:32 +0000] "GET /api/tipo-accesos HTTP/1.1" 200 614 "https://virtualium.ttde.com.ar/evento/12/Bad-Bunny" "Mozilla/5.0 (X11; Linux x86_64) AppleWebKit/537.36 (KHTML, like Gecko) Chrome/84.0.4147.89 Safari/537.36"
186.48.44.36 - - [29/Jul/2020:01:55:32 +0000] "GET /api/medio-pagos HTTP/1.1" 200 625 "https://virtualium.ttde.com.ar/evento/12/Bad-Bunny" "Mozilla/5.0 (X11; Linux x86_64) AppleWebKit/537.36 (KHTML, like Gecko) Chrome/84.0.4147.89 Safari/537.36"
186.48.44.36 - - [29/Jul/2020:01:55:43 +0000] "POST /api/oc HTTP/1.1" 200 1113 "https://virtualium.ttde.com.ar/evento/12/Bad-Bunny" "Mozilla/5.0 (X11; Linux x86_64) AppleWebKit/537.36 (KHTML, like Gecko) Chrome/84.0.4147.89 Safari/537.36"
186.48.44.36 - - [29/Jul/2020:01:55:49 +0000] "GET /api/entradas/usuario HTTP/1.1" 200 2797 "https://virtualium.ttde.com.ar/evento/compra-exitoso" "Mozilla/5.0 (X11; Linux x86_64) AppleWebKit/537.36 (KHTML, like Gecko) Chrome/84.0.4147.89 Safari/537.36"
186.48.44.36 - - [29/Jul/2020:01:56:50 +0000] "GET /api/clientes/login HTTP/1.1" 200 1666 "https://virtualium.ttde.com.ar/visor?evento=10&funcion=19" "Mozilla/5.0 (X11; Linux x86_64) AppleWebKit/537.36 (KHTML, like Gecko) Chrome/84.0.4147.89 Safari/537.36"
186.48.44.36 - - [29/Jul/2020:01:56:50 +0000] "GET /api/entradas/usuario HTTP/1.1" 200 2428 "https://virtualium.ttde.com.ar/visor?evento=10&funcion=19" "Mozilla/5.0 (X11; Linux x86_64) AppleWebKit/537.36 (KHTML, like Gecko) Chrome/84.0.4147.89 Safari/537.36"
186.48.44.36 - - [29/Jul/2020:01:57:10 +0000] "-" 408 3786 "-" "-"
181.46.138.13 - - [29/Jul/2020:01:59:13 +0000] "GET /api/clientes/login HTTP/1.1" 200 4347 "https://virtualium.ttde.com.ar/" "Mozilla/5.0 (X11; Linux x86_64) AppleWebKit/537.36 (KHTML, like Gecko) Chrome/83.0.4103.106 Safari/537.36"
181.46.138.13 - - [29/Jul/2020:01:59:13 +0000] "GET /api/admin/usuarios/login HTTP/1.1" 200 560 "https://virtualium.ttde.com.ar/" "Mozilla/5.0 (X11; Linux x86_64) AppleWebKit/537.36 (KHTML, like Gecko) Chrome/83.0.4103.106 Safari/537.36"
181.46.138.13 - - [29/Jul/2020:01:59:14 +0000] "GET /api/eventos HTTP/1.1" 200 1066 "https://virtualium.ttde.com.ar/" "Mozilla/5.0 (X11; Linux x86_64) AppleWebKit/537.36 (KHTML, like Gecko) Chrome/83.0.4103.106 Safari/537.36"
181.46.138.13 - - [29/Jul/2020:01:59:14 +0000] "GET /api/avatars HTTP/1.1" 200 714 "https://virtualium.ttde.com.ar/" "Mozilla/5.0 (X11; Linux x86_64) AppleWebKit/537.36 (KHTML, like Gecko) Chrome/83.0.4103.106 Safari/537.36"
181.46.138.13 - - [29/Jul/2020:01:59:14 +0000] "GET /api/portal/banners HTTP/1.1" 200 2006 "https://virtualium.ttde.com.ar/" "Mozilla/5.0 (X11; Linux x86_64) AppleWebKit/537.36 (KHTML, like Gecko) Chrome/83.0.4103.106 Safari/537.36"
181.46.138.13 - - [29/Jul/2020:01:59:14 +0000] "GET /api/portal/destacados HTTP/1.1" 200 1043 "https://virtualium.ttde.com.ar/" "Mozilla/5.0 (X11; Linux x86_64) AppleWebKit/537.36 (KHTML, like Gecko) Chrome/83.0.4103.106 Safari/537.36"
181.46.138.13 - - [29/Jul/2020:01:59:14 +0000] "GET /api/portal/todoeventos HTTP/1.1" 200 1340 "https://virtualium.ttde.com.ar/" "Mozilla/5.0 (X11; Linux x86_64) AppleWebKit/537.36 (KHTML, like Gecko) Chrome/83.0.4103.106 Safari/537.36"
181.46.138.13 - - [29/Jul/2020:01:59:14 +0000] "GET /img/avatars/avatar-3.png HTTP/1.1" 200 3121 "https://virtualium.ttde.com.ar/" "Mozilla/5.0 (X11; Linux x86_64) AppleWebKit/537.36 (KHTML, like Gecko) Chrome/83.0.4103.106 Safari/537.36"
181.46.138.13 - - [29/Jul/2020:01:59:14 +0000] "GET /img/avatars/avatar-4.png HTTP/1.1" 200 8199 "https://virtualium.ttde.com.ar/" "Mozilla/5.0 (X11; Linux x86_64) AppleWebKit/537.36 (KHTML, like Gecko) Chrome/83.0.4103.106 Safari/537.36"
181.46.138.13 - - [29/Jul/2020:01:59:14 +0000] "GET /img/avatars/icon-capture.svg HTTP/1.1" 200 5439 "https://virtualium.ttde.com.ar/" "Mozilla/5.0 (X11; Linux x86_64) AppleWebKit/537.36 (KHTML, like Gecko) Chrome/83.0.4103.106 Safari/537.36"
181.46.138.13 - - [29/Jul/2020:01:59:14 +0000] "GET /img/avatars/avatar-2.jpeg HTTP/1.1" 200 8141 "https://virtualium.ttde.com.ar/" "Mozilla/5.0 (X11; Linux x86_64) AppleWebKit/537.36 (KHTML, like Gecko) Chrome/83.0.4103.106 Safari/537.36"
181.46.138.13 - - [29/Jul/2020:01:59:14 +0000] "GET /api/portal/proximamente HTTP/1.1" 200 1295 "https://virtualium.ttde.com.ar/" "Mozilla/5.0 (X11; Linux x86_64) AppleWebKit/537.36 (KHTML, like Gecko) Chrome/83.0.4103.106 Safari/537.36"
181.46.138.13 - - [29/Jul/2020:01:59:15 +0000] "GET /img/develop/E2_B_eros_ramazzotti_v2.jpg HTTP/1.1" 200 90612 "https://virtualium.ttde.com.ar/" "Mozilla/5.0 (X11; Linux x86_64) AppleWebKit/537.36 (KHTML, like Gecko) Chrome/83.0.4103.106 Safari/537.36"
181.46.138.13 - - [29/Jul/2020:01:59:15 +0000] "GET /img/develop/E10_B_ozzy_osbourne_%20judas_priest.jpg HTTP/1.1" 200 73662 "https://virtualium.ttde.com.ar/" "Mozilla/5.0 (X11; Linux x86_64) AppleWebKit/537.36 (KHTML, like Gecko) Chrome/83.0.4103.106 Safari/537.36"
181.46.138.13 - - [29/Jul/2020:01:59:15 +0000] "GET /img/develop/E10_D_ozzy_osbourne_%20judas_priest.jpg HTTP/1.1" 200 87751 "https://virtualium.ttde.com.ar/" "Mozilla/5.0 (X11; Linux x86_64) AppleWebKit/537.36 (KHTML, like Gecko) Chrome/83.0.4103.106 Safari/537.36"
181.46.138.13 - - [29/Jul/2020:01:59:15 +0000] "GET /img/develop/E12_B_bad_bunny.jpg HTTP/1.1" 200 134151 "https://virtualium.ttde.com.ar/" "Mozilla/5.0 (X11; Linux x86_64) AppleWebKit/537.36 (KHTML, like Gecko) Chrome/83.0.4103.106 Safari/537.36"
181.46.138.13 - - [29/Jul/2020:01:59:15 +0000] "GET /img/develop/E11_B_florence_the_machine_v2.jpg HTTP/1.1" 200 235668 "https://virtualium.ttde.com.ar/" "Mozilla/5.0 (X11; Linux x86_64) AppleWebKit/537.36 (KHTML, like Gecko) Chrome/83.0.4103.106 Safari/537.36"
181.46.138.13 - - [29/Jul/2020:01:59:15 +0000] "GET /img/develop/E1_B_dave_matthews_band.jpg HTTP/1.1" 200 422894 "https://virtualium.ttde.com.ar/" "Mozilla/5.0 (X11; Linux x86_64) AppleWebKit/537.36 (KHTML, like Gecko) Chrome/83.0.4103.106 Safari/537.36"
181.46.138.13 - - [29/Jul/2020:01:59:15 +0000] "GET /img/develop/E11_D_florence_the_machine.jpg HTTP/1.1" 200 132350 "https://virtualium.ttde.com.ar/" "Mozilla/5.0 (X11; Linux x86_64) AppleWebKit/537.36 (KHTML, like Gecko) Chrome/83.0.4103.106 Safari/537.36"
181.46.138.13 - - [29/Jul/2020:01:59:15 +0000] "GET /img/develop/E12_D_bad_bunny.jpg HTTP/1.1" 200 93805 "https://virtualium.ttde.com.ar/" "Mozilla/5.0 (X11; Linux x86_64) AppleWebKit/537.36 (KHTML, like Gecko) Chrome/83.0.4103.106 Safari/537.36"
181.46.138.13 - - [29/Jul/2020:01:59:15 +0000] "GET /img/develop/E2_T_eros_ramazzotti.jpg HTTP/1.1" 200 52819 "https://virtualium.ttde.com.ar/" "Mozilla/5.0 (X11; Linux x86_64) AppleWebKit/537.36 (KHTML, like Gecko) Chrome/83.0.4103.106 Safari/537.36"
181.46.138.13 - - [29/Jul/2020:01:59:15 +0000] "GET /img/develop/E3_T_diego_torres.jpg HTTP/1.1" 200 43778 "https://virtualium.ttde.com.ar/" "Mozilla/5.0 (X11; Linux x86_64) AppleWebKit/537.36 (KHTML, like Gecko) Chrome/83.0.4103.106 Safari/537.36"
181.46.138.13 - - [29/Jul/2020:01:59:16 +0000] "GET /img/develop/E4_T_il_divo.jpg HTTP/1.1" 200 34772 "https://virtualium.ttde.com.ar/" "Mozilla/5.0 (X11; Linux x86_64) AppleWebKit/537.36 (KHTML, like Gecko) Chrome/83.0.4103.106 Safari/537.36"
181.46.138.13 - - [29/Jul/2020:01:59:16 +0000] "GET /img/develop/E5_T_daryl_hall_john_oates.jpg HTTP/1.1" 200 39805 "https://virtualium.ttde.com.ar/" "Mozilla/5.0 (X11; Linux x86_64) AppleWebKit/537.36 (KHTML, like Gecko) Chrome/83.0.4103.106 Safari/537.36"
181.46.138.13 - - [29/Jul/2020:01:59:16 +0000] "GET /img/develop/E6_T_ulises.jpg HTTP/1.1" 200 39878 "https://virtualium.ttde.com.ar/" "Mozilla/5.0 (X11; Linux x86_64) AppleWebKit/537.36 (KHTML, like Gecko) Chrome/83.0.4103.106 Safari/537.36"
181.46.138.13 - - [29/Jul/2020:01:59:16 +0000] "GET /img/develop/E7_T_redimi2.jpg HTTP/1.1" 200 33625 "https://virtualium.ttde.com.ar/" "Mozilla/5.0 (X11; Linux x86_64) AppleWebKit/537.36 (KHTML, like Gecko) Chrome/83.0.4103.106 Safari/537.36"
181.46.138.13 - - [29/Jul/2020:01:59:16 +0000] "GET /img/develop/E8_T_natiruts.jpg HTTP/1.1" 200 44377 "https://virtualium.ttde.com.ar/" "Mozilla/5.0 (X11; Linux x86_64) AppleWebKit/537.36 (KHTML, like Gecko) Chrome/83.0.4103.106 Safari/537.36"
181.46.138.13 - - [29/Jul/2020:01:59:16 +0000] "GET /img/develop/E9_T_dios_salve_a_la_reina_queen.jpg HTTP/1.1" 200 50543 "https://virtualium.ttde.com.ar/" "Mozilla/5.0 (X11; Linux x86_64) AppleWebKit/537.36 (KHTML, like Gecko) Chrome/83.0.4103.106 Safari/537.36"
181.46.138.13 - - [29/Jul/2020:01:59:16 +0000] "GET /img/develop/E13_P_ariana_grande.jpg HTTP/1.1" 200 17907 "https://virtualium.ttde.com.ar/" "Mozilla/5.0 (X11; Linux x86_64) AppleWebKit/537.36 (KHTML, like Gecko) Chrome/83.0.4103.106 Safari/537.36"
181.46.138.13 - - [29/Jul/2020:01:59:16 +0000] "GET /img/develop/E14_P_ozuna.jpg HTTP/1.1" 200 23690 "https://virtualium.ttde.com.ar/" "Mozilla/5.0 (X11; Linux x86_64) AppleWebKit/537.36 (KHTML, like Gecko) Chrome/83.0.4103.106 Safari/537.36"
181.46.138.13 - - [29/Jul/2020:01:59:16 +0000] "GET /img/develop/E15_P_shakira.jpg HTTP/1.1" 200 21870 "https://virtualium.ttde.com.ar/" "Mozilla/5.0 (X11; Linux x86_64) AppleWebKit/537.36 (KHTML, like Gecko) Chrome/83.0.4103.106 Safari/537.36"
181.46.138.13 - - [29/Jul/2020:01:59:16 +0000] "GET /img/develop/E16_P_jvera_quartet.jpg HTTP/1.1" 200 25656 "https://virtualium.ttde.com.ar/" "Mozilla/5.0 (X11; Linux x86_64) AppleWebKit/537.36 (KHTML, like Gecko) Chrome/83.0.4103.106 Safari/537.36"
181.46.138.13 - - [29/Jul/2020:01:59:16 +0000] "GET /img/develop/E17_P_premios_billboard.jpg HTTP/1.1" 200 22769 "https://virtualium.ttde.com.ar/" "Mozilla/5.0 (X11; Linux x86_64) AppleWebKit/537.36 (KHTML, like Gecko) Chrome/83.0.4103.106 Safari/537.36"
181.46.138.13 - - [29/Jul/2020:01:59:30 +0000] "POST /api/clientes/login HTTP/1.1" 200 1714 "https://virtualium.ttde.com.ar/" "Mozilla/5.0 (X11; Linux x86_64) AppleWebKit/537.36 (KHTML, like Gecko) Chrome/83.0.4103.106 Safari/537.36"
181.46.138.13 - - [29/Jul/2020:01:59:30 +0000] "GET /api/entradas/usuario HTTP/1.1" 200 2739 "https://virtualium.ttde.com.ar/" "Mozilla/5.0 (X11; Linux x86_64) AppleWebKit/537.36 (KHTML, like Gecko) Chrome/83.0.4103.106 Safari/537.36"
181.46.138.13 - - [29/Jul/2020:01:59:35 +0000] "GET /api/eventos/ver/1 HTTP/1.1" 200 2539 "https://virtualium.ttde.com.ar/evento/1/Dave-Matthews-Band" "Mozilla/5.0 (X11; Linux x86_64) AppleWebKit/537.36 (KHTML, like Gecko) Chrome/83.0.4103.106 Safari/537.36"
181.46.138.13 - - [29/Jul/2020:01:59:36 +0000] "GET /api/tipo-accesos HTTP/1.1" 200 614 "https://virtualium.ttde.com.ar/evento/1/Dave-Matthews-Band" "Mozilla/5.0 (X11; Linux x86_64) AppleWebKit/537.36 (KHTML, like Gecko) Chrome/83.0.4103.106 Safari/537.36"
181.46.138.13 - - [29/Jul/2020:01:59:36 +0000] "GET /api/medio-pagos HTTP/1.1" 200 625 "https://virtualium.ttde.com.ar/evento/1/Dave-Matthews-Band" "Mozilla/5.0 (X11; Linux x86_64) AppleWebKit/537.36 (KHTML, like Gecko) Chrome/83.0.4103.106 Safari/537.36"
181.46.138.13 - - [29/Jul/2020:01:59:57 +0000] "GET /api/clientes/login HTTP/1.1" 200 4347 "https://virtualium.ttde.com.ar/" "Mozilla/5.0 (X11; Linux x86_64) AppleWebKit/537.36 (KHTML, like Gecko) Chrome/83.0.4103.106 Safari/537.36"
181.46.138.13 - - [29/Jul/2020:01:59:57 +0000] "GET /api/admin/usuarios/login HTTP/1.1" 200 560 "https://virtualium.ttde.com.ar/" "Mozilla/5.0 (X11; Linux x86_64) AppleWebKit/537.36 (KHTML, like Gecko) Chrome/83.0.4103.106 Safari/537.36"
181.46.138.13 - - [29/Jul/2020:01:59:59 +0000] "GET /api/clientes/login HTTP/1.1" 200 560 "https://virtualium.ttde.com.ar/admin-login" "Mozilla/5.0 (X11; Linux x86_64) AppleWebKit/537.36 (KHTML, like Gecko) Chrome/83.0.4103.106 Safari/537.36"
181.46.138.13 - - [29/Jul/2020:01:59:59 +0000] "GET /api/admin/usuarios/login HTTP/1.1" 200 560 "https://virtualium.ttde.com.ar/admin-login" "Mozilla/5.0 (X11; Linux x86_64) AppleWebKit/537.36 (KHTML, like Gecko) Chrome/83.0.4103.106 Safari/537.36"
181.46.138.13 - - [29/Jul/2020:02:00:04 +0000] "POST /api/admin/usuarios/login HTTP/1.1" 200 813 "https://virtualium.ttde.com.ar/admin-login" "Mozilla/5.0 (X11; Linux x86_64) AppleWebKit/537.36 (KHTML, like Gecko) Chrome/83.0.4103.106 Safari/537.36"
181.46.138.13 - - [29/Jul/2020:02:00:05 +0000] "GET /api/eventos HTTP/1.1" 200 1176 "https://virtualium.ttde.com.ar/dashboard" "Mozilla/5.0 (X11; Linux x86_64) AppleWebKit/537.36 (KHTML, like Gecko) Chrome/83.0.4103.106 Safari/537.36"
186.48.44.36 - - [29/Jul/2020:02:11:14 +0000] "GET /api/portal/banners HTTP/1.1" 200 5327 "https://virtualium.ttde.com.ar/" "Mozilla/5.0 (X11; Linux x86_64) AppleWebKit/537.36 (KHTML, like Gecko) Chrome/84.0.4147.89 Safari/537.36"
186.48.44.36 - - [29/Jul/2020:02:11:14 +0000] "GET /api/portal/destacados HTTP/1.1" 200 4940 "https://virtualium.ttde.com.ar/" "Mozilla/5.0 (X11; Linux x86_64) AppleWebKit/537.36 (KHTML, like Gecko) Chrome/84.0.4147.89 Safari/537.36"
186.48.44.36 - - [29/Jul/2020:02:11:14 +0000] "GET /api/portal/todoeventos HTTP/1.1" 200 5237 "https://virtualium.ttde.com.ar/" "Mozilla/5.0 (X11; Linux x86_64) AppleWebKit/537.36 (KHTML, like Gecko) Chrome/84.0.4147.89 Safari/537.36"
186.48.44.36 - - [29/Jul/2020:02:11:14 +0000] "GET /api/portal/proximamente HTTP/1.1" 200 5192 "https://virtualium.ttde.com.ar/" "Mozilla/5.0 (X11; Linux x86_64) AppleWebKit/537.36 (KHTML, like Gecko) Chrome/84.0.4147.89 Safari/537.36"
186.48.44.36 - - [29/Jul/2020:02:11:14 +0000] "GET /api/avatars HTTP/1.1" 200 4611 "https://virtualium.ttde.com.ar/" "Mozilla/5.0 (X11; Linux x86_64) AppleWebKit/537.36 (KHTML, like Gecko) Chrome/84.0.4147.89 Safari/537.36"
186.48.44.36 - - [29/Jul/2020:02:11:14 +0000] "GET /api/eventos HTTP/1.1" 200 4963 "https://virtualium.ttde.com.ar/" "Mozilla/5.0 (X11; Linux x86_64) AppleWebKit/537.36 (KHTML, like Gecko) Chrome/84.0.4147.89 Safari/537.36"
186.48.44.36 - - [29/Jul/2020:02:11:16 +0000] "GET /api/clientes/logout HTTP/1.1" 200 709 "https://virtualium.ttde.com.ar/" "Mozilla/5.0 (X11; Linux x86_64) AppleWebKit/537.36 (KHTML, like Gecko) Chrome/84.0.4147.89 Safari/537.36"
186.48.44.36 - - [29/Jul/2020:02:11:16 +0000] "GET /api/admin/usuarios/logout HTTP/1.1" 200 709 "https://virtualium.ttde.com.ar/" "Mozilla/5.0 (X11; Linux x86_64) AppleWebKit/537.36 (KHTML, like Gecko) Chrome/84.0.4147.89 Safari/537.36"
186.48.44.36 - - [29/Jul/2020:02:11:26 +0000] "GET /api/clientes/login HTTP/1.1" 200 1246 "https://virtualium.ttde.com.ar/admin-login" "Mozilla/5.0 (X11; Linux x86_64) AppleWebKit/537.36 (KHTML, like Gecko) Chrome/84.0.4147.89 Safari/537.36"
186.48.44.36 - - [29/Jul/2020:02:11:26 +0000] "GET /api/admin/usuarios/login HTTP/1.1" 200 670 "https://virtualium.ttde.com.ar/admin-login" "Mozilla/5.0 (X11; Linux x86_64) AppleWebKit/537.36 (KHTML, like Gecko) Chrome/84.0.4147.89 Safari/537.36"
186.48.44.36 - - [29/Jul/2020:02:11:32 +0000] "POST /api/admin/usuarios/login HTTP/1.1" 200 1171 "https://virtualium.ttde.com.ar/admin-login" "Mozilla/5.0 (X11; Linux x86_64) AppleWebKit/537.36 (KHTML, like Gecko) Chrome/84.0.4147.89 Safari/537.36"
186.48.44.36 - - [29/Jul/2020:02:11:42 +0000] "POST /api/admin/usuarios/login HTTP/1.1" 200 1155 "https://virtualium.ttde.com.ar/admin-login" "Mozilla/5.0 (X11; Linux x86_64) AppleWebKit/537.36 (KHTML, like Gecko) Chrome/84.0.4147.89 Safari/537.36"
186.48.44.36 - - [29/Jul/2020:02:12:04 +0000] "POST /api/admin/usuarios/login HTTP/1.1" 200 1155 "https://virtualium.ttde.com.ar/admin-login" "Mozilla/5.0 (X11; Linux x86_64) AppleWebKit/537.36 (KHTML, like Gecko) Chrome/84.0.4147.89 Safari/537.36"
181.46.138.13 - - [29/Jul/2020:02:12:05 +0000] "GET /api/clientes/login HTTP/1.1" 200 4347 "https://virtualium.ttde.com.ar/" "Mozilla/5.0 (X11; Linux x86_64) AppleWebKit/537.36 (KHTML, like Gecko) Chrome/83.0.4103.106 Safari/537.36"
181.46.138.13 - - [29/Jul/2020:02:12:05 +0000] "GET /api/admin/usuarios/login HTTP/1.1" 200 560 "https://virtualium.ttde.com.ar/" "Mozilla/5.0 (X11; Linux x86_64) AppleWebKit/537.36 (KHTML, like Gecko) Chrome/83.0.4103.106 Safari/537.36"
181.46.138.13 - - [29/Jul/2020:02:12:06 +0000] "GET /api/eventos HTTP/1.1" 200 1066 "https://virtualium.ttde.com.ar/" "Mozilla/5.0 (X11; Linux x86_64) AppleWebKit/537.36 (KHTML, like Gecko) Chrome/83.0.4103.106 Safari/537.36"
181.46.138.13 - - [29/Jul/2020:02:12:06 +0000] "GET /api/avatars HTTP/1.1" 200 714 "https://virtualium.ttde.com.ar/" "Mozilla/5.0 (X11; Linux x86_64) AppleWebKit/537.36 (KHTML, like Gecko) Chrome/83.0.4103.106 Safari/537.36"
181.46.138.13 - - [29/Jul/2020:02:12:06 +0000] "GET /api/portal/banners HTTP/1.1" 200 2006 "https://virtualium.ttde.com.ar/" "Mozilla/5.0 (X11; Linux x86_64) AppleWebKit/537.36 (KHTML, like Gecko) Chrome/83.0.4103.106 Safari/537.36"
181.46.138.13 - - [29/Jul/2020:02:12:06 +0000] "GET /api/portal/todoeventos HTTP/1.1" 200 1916 "https://virtualium.ttde.com.ar/" "Mozilla/5.0 (X11; Linux x86_64) AppleWebKit/537.36 (KHTML, like Gecko) Chrome/83.0.4103.106 Safari/537.36"
181.46.138.13 - - [29/Jul/2020:02:12:06 +0000] "GET /api/portal/proximamente HTTP/1.1" 200 5082 "https://virtualium.ttde.com.ar/" "Mozilla/5.0 (X11; Linux x86_64) AppleWebKit/537.36 (KHTML, like Gecko) Chrome/83.0.4103.106 Safari/537.36"
181.46.138.13 - - [29/Jul/2020:02:12:07 +0000] "GET /img/avatars/avatar-4.png HTTP/1.1" 200 4412 "https://virtualium.ttde.com.ar/" "Mozilla/5.0 (X11; Linux x86_64) AppleWebKit/537.36 (KHTML, like Gecko) Chrome/83.0.4103.106 Safari/537.36"
181.46.138.13 - - [29/Jul/2020:02:12:07 +0000] "GET /img/avatars/avatar-2.jpeg HTTP/1.1" 200 4354 "https://virtualium.ttde.com.ar/" "Mozilla/5.0 (X11; Linux x86_64) AppleWebKit/537.36 (KHTML, like Gecko) Chrome/83.0.4103.106 Safari/537.36"
181.46.138.13 - - [29/Jul/2020:02:12:07 +0000] "GET /img/avatars/avatar-3.png HTTP/1.1" 200 2545 "https://virtualium.ttde.com.ar/" "Mozilla/5.0 (X11; Linux x86_64) AppleWebKit/537.36 (KHTML, like Gecko) Chrome/83.0.4103.106 Safari/537.36"
181.46.138.13 - - [29/Jul/2020:02:12:07 +0000] "GET /img/avatars/icon-capture.svg HTTP/1.1" 200 1652 "https://virtualium.ttde.com.ar/" "Mozilla/5.0 (X11; Linux x86_64) AppleWebKit/537.36 (KHTML, like Gecko) Chrome/83.0.4103.106 Safari/537.36"
186.48.44.36 - - [29/Jul/2020:02:12:07 +0000] "POST /api/admin/usuarios/login HTTP/1.1" 200 805 "https://virtualium.ttde.com.ar/admin-login" "Mozilla/5.0 (X11; Linux x86_64) AppleWebKit/537.36 (KHTML, like Gecko) Chrome/84.0.4147.89 Safari/537.36"
181.46.138.13 - - [29/Jul/2020:02:12:07 +0000] "GET /api/portal/destacados HTTP/1.1" 200 4830 "https://virtualium.ttde.com.ar/" "Mozilla/5.0 (X11; Linux x86_64) AppleWebKit/537.36 (KHTML, like Gecko) Chrome/83.0.4103.106 Safari/537.36"
181.46.138.13 - - [29/Jul/2020:02:12:07 +0000] "GET /img/develop/E2_B_eros_ramazzotti_v2.jpg HTTP/1.1" 200 90612 "https://virtualium.ttde.com.ar/" "Mozilla/5.0 (X11; Linux x86_64) AppleWebKit/537.36 (KHTML, like Gecko) Chrome/83.0.4103.106 Safari/537.36"
181.46.138.13 - - [29/Jul/2020:02:12:07 +0000] "GET /img/develop/E10_B_ozzy_osbourne_%20judas_priest.jpg HTTP/1.1" 200 73662 "https://virtualium.ttde.com.ar/" "Mozilla/5.0 (X11; Linux x86_64) AppleWebKit/537.36 (KHTML, like Gecko) Chrome/83.0.4103.106 Safari/537.36"
181.46.138.13 - - [29/Jul/2020:02:12:07 +0000] "GET /img/develop/E10_D_ozzy_osbourne_%20judas_priest.jpg HTTP/1.1" 200 91538 "https://virtualium.ttde.com.ar/" "Mozilla/5.0 (X11; Linux x86_64) AppleWebKit/537.36 (KHTML, like Gecko) Chrome/83.0.4103.106 Safari/537.36"
181.46.138.13 - - [29/Jul/2020:02:12:07 +0000] "GET /img/develop/E12_B_bad_bunny.jpg HTTP/1.1" 200 134151 "https://virtualium.ttde.com.ar/" "Mozilla/5.0 (X11; Linux x86_64) AppleWebKit/537.36 (KHTML, like Gecko) Chrome/83.0.4103.106 Safari/537.36"
181.46.138.13 - - [29/Jul/2020:02:12:07 +0000] "GET /img/develop/E11_B_florence_the_machine_v2.jpg HTTP/1.1" 200 235668 "https://virtualium.ttde.com.ar/" "Mozilla/5.0 (X11; Linux x86_64) AppleWebKit/537.36 (KHTML, like Gecko) Chrome/83.0.4103.106 Safari/537.36"
181.46.138.13 - - [29/Jul/2020:02:12:07 +0000] "GET /img/develop/E1_B_dave_matthews_band.jpg HTTP/1.1" 200 422894 "https://virtualium.ttde.com.ar/" "Mozilla/5.0 (X11; Linux x86_64) AppleWebKit/537.36 (KHTML, like Gecko) Chrome/83.0.4103.106 Safari/537.36"
181.46.138.13 - - [29/Jul/2020:02:12:08 +0000] "GET /img/develop/E11_D_florence_the_machine.jpg HTTP/1.1" 200 132350 "https://virtualium.ttde.com.ar/" "Mozilla/5.0 (X11; Linux x86_64) AppleWebKit/537.36 (KHTML, like Gecko) Chrome/83.0.4103.106 Safari/537.36"
181.46.138.13 - - [29/Jul/2020:02:12:08 +0000] "GET /img/develop/E2_T_eros_ramazzotti.jpg HTTP/1.1" 200 52819 "https://virtualium.ttde.com.ar/" "Mozilla/5.0 (X11; Linux x86_64) AppleWebKit/537.36 (KHTML, like Gecko) Chrome/83.0.4103.106 Safari/537.36"
181.46.138.13 - - [29/Jul/2020:02:12:08 +0000] "GET /img/develop/E12_D_bad_bunny.jpg HTTP/1.1" 200 93805 "https://virtualium.ttde.com.ar/" "Mozilla/5.0 (X11; Linux x86_64) AppleWebKit/537.36 (KHTML, like Gecko) Chrome/83.0.4103.106 Safari/537.36"
181.46.138.13 - - [29/Jul/2020:02:12:08 +0000] "GET /img/develop/E3_T_diego_torres.jpg HTTP/1.1" 200 43778 "https://virtualium.ttde.com.ar/" "Mozilla/5.0 (X11; Linux x86_64) AppleWebKit/537.36 (KHTML, like Gecko) Chrome/83.0.4103.106 Safari/537.36"
181.46.138.13 - - [29/Jul/2020:02:12:08 +0000] "GET /img/develop/E4_T_il_divo.jpg HTTP/1.1" 200 34772 "https://virtualium.ttde.com.ar/" "Mozilla/5.0 (X11; Linux x86_64) AppleWebKit/537.36 (KHTML, like Gecko) Chrome/83.0.4103.106 Safari/537.36"
181.46.138.13 - - [29/Jul/2020:02:12:08 +0000] "GET /img/develop/E5_T_daryl_hall_john_oates.jpg HTTP/1.1" 200 39805 "https://virtualium.ttde.com.ar/" "Mozilla/5.0 (X11; Linux x86_64) AppleWebKit/537.36 (KHTML, like Gecko) Chrome/83.0.4103.106 Safari/537.36"
181.46.138.13 - - [29/Jul/2020:02:12:08 +0000] "GET /img/develop/E6_T_ulises.jpg HTTP/1.1" 200 39878 "https://virtualium.ttde.com.ar/" "Mozilla/5.0 (X11; Linux x86_64) AppleWebKit/537.36 (KHTML, like Gecko) Chrome/83.0.4103.106 Safari/537.36"
181.46.138.13 - - [29/Jul/2020:02:12:08 +0000] "GET /img/develop/E7_T_redimi2.jpg HTTP/1.1" 200 33625 "https://virtualium.ttde.com.ar/" "Mozilla/5.0 (X11; Linux x86_64) AppleWebKit/537.36 (KHTML, like Gecko) Chrome/83.0.4103.106 Safari/537.36"
181.46.138.13 - - [29/Jul/2020:02:12:08 +0000] "GET /img/develop/E8_T_natiruts.jpg HTTP/1.1" 200 44377 "https://virtualium.ttde.com.ar/" "Mozilla/5.0 (X11; Linux x86_64) AppleWebKit/537.36 (KHTML, like Gecko) Chrome/83.0.4103.106 Safari/537.36"
186.48.44.36 - - [29/Jul/2020:02:12:08 +0000] "GET /api/eventos HTTP/1.1" 200 1176 "https://virtualium.ttde.com.ar/dashboard" "Mozilla/5.0 (X11; Linux x86_64) AppleWebKit/537.36 (KHTML, like Gecko) Chrome/84.0.4147.89 Safari/537.36"
181.46.138.13 - - [29/Jul/2020:02:12:08 +0000] "GET /img/develop/E9_T_dios_salve_a_la_reina_queen.jpg HTTP/1.1" 200 50543 "https://virtualium.ttde.com.ar/" "Mozilla/5.0 (X11; Linux x86_64) AppleWebKit/537.36 (KHTML, like Gecko) Chrome/83.0.4103.106 Safari/537.36"
181.46.138.13 - - [29/Jul/2020:02:12:08 +0000] "GET /img/develop/E13_P_ariana_grande.jpg HTTP/1.1" 200 17907 "https://virtualium.ttde.com.ar/" "Mozilla/5.0 (X11; Linux x86_64) AppleWebKit/537.36 (KHTML, like Gecko) Chrome/83.0.4103.106 Safari/537.36"
181.46.138.13 - - [29/Jul/2020:02:12:08 +0000] "GET /img/develop/E14_P_ozuna.jpg HTTP/1.1" 200 23690 "https://virtualium.ttde.com.ar/" "Mozilla/5.0 (X11; Linux x86_64) AppleWebKit/537.36 (KHTML, like Gecko) Chrome/83.0.4103.106 Safari/537.36"
181.46.138.13 - - [29/Jul/2020:02:12:08 +0000] "GET /img/develop/E15_P_shakira.jpg HTTP/1.1" 200 21870 "https://virtualium.ttde.com.ar/" "Mozilla/5.0 (X11; Linux x86_64) AppleWebKit/537.36 (KHTML, like Gecko) Chrome/83.0.4103.106 Safari/537.36"
181.46.138.13 - - [29/Jul/2020:02:12:08 +0000] "GET /img/develop/E16_P_jvera_quartet.jpg HTTP/1.1" 200 25656 "https://virtualium.ttde.com.ar/" "Mozilla/5.0 (X11; Linux x86_64) AppleWebKit/537.36 (KHTML, like Gecko) Chrome/83.0.4103.106 Safari/537.36"
181.46.138.13 - - [29/Jul/2020:02:12:08 +0000] "GET /img/develop/E17_P_premios_billboard.jpg HTTP/1.1" 200 22769 "https://virtualium.ttde.com.ar/" "Mozilla/5.0 (X11; Linux x86_64) AppleWebKit/537.36 (KHTML, like Gecko) Chrome/83.0.4103.106 Safari/537.36"
181.46.138.13 - - [29/Jul/2020:02:12:19 +0000] "POST /api/clientes/login HTTP/1.1" 200 1061 "https://virtualium.ttde.com.ar/" "Mozilla/5.0 (X11; Linux x86_64) AppleWebKit/537.36 (KHTML, like Gecko) Chrome/83.0.4103.106 Safari/537.36"
186.48.44.36 - - [29/Jul/2020:02:12:21 +0000] "GET /api/clientes/login HTTP/1.1" 200 1293 "https://virtualium.ttde.com.ar/messages" "Mozilla/5.0 (X11; Linux x86_64) AppleWebKit/537.36 (KHTML, like Gecko) Chrome/84.0.4147.89 Safari/537.36"
186.48.44.36 - - [29/Jul/2020:02:12:22 +0000] "GET /api/entradas/usuario HTTP/1.1" 200 2428 "https://virtualium.ttde.com.ar/messages" "Mozilla/5.0 (X11; Linux x86_64) AppleWebKit/537.36 (KHTML, like Gecko) Chrome/84.0.4147.89 Safari/537.36"
181.46.138.13 - - [29/Jul/2020:02:12:33 +0000] "GET /api/clientes/login HTTP/1.1" 200 1136 "https://virtualium.ttde.com.ar/" "Mozilla/5.0 (X11; Linux x86_64) AppleWebKit/537.36 (KHTML, like Gecko) Chrome/83.0.4103.106 Safari/537.36"
